../Drivers/CMSIS/Include/core_cm4.h:1688:22:__NVIC_EnableIRQ	16	static
../Drivers/CMSIS/Include/core_cm4.h:1777:22:__NVIC_ClearPendingIRQ	16	static
../Drivers/CMSIS/Include/core_cm4.h:1816:22:__NVIC_SetPriority	16	static
../Core/Src/main.c:72:6:EXTI9_5_IRQHandler	8	static
../Core/Src/main.c:95:6:EXTI2_IRQHandler	8	static
../Core/Src/main.c:102:6:EXTI15_10_IRQHandler	8	static
../Core/Src/main.c:114:6:TIM2_IRQHandler	8	static
../Core/Src/main.c:121:6:ADC_IRQHandler	8	static
../Core/Src/main.c:126:6:HAL_ADC_ConvCpltCallback	16	static
../Core/Src/main.c:143:5:main	80	static,ignoring_inline_asm
../Core/Src/main.c:414:6:SystemClock_Config	88	static
../Core/Src/main.c:461:13:MX_ADC1_Init	24	static
../Core/Src/main.c:513:13:MX_GPIO_Init	48	static
../Core/Src/main.c:546:6:EmergencyStop	8	static
../Core/Src/main.c:569:6:start	8	static
../Core/Src/main.c:585:6:velocities	4	static
../Core/Src/main.c:620:5:calculate_PID	24	static
../Core/Src/main.c:647:6:Error_Handler	4	static,ignoring_inline_asm
